[02:22] ACTION | Raindrop KM full ingest | page publique pages 0-4 consultees, pagination 30/30/30/3/0, 93 items uniques | ERREUR aucune
[02:22] ACTION | Comparaison locale | couverture 93/93 contre watch/, resources/, km/ ; nouveautes 0 | ERREUR aucune
[02:22] ACTION | RSS secondaire | /feed consulte, 50 items, lastBuildDate Mon, 29 Jun 2026 15:52:32 GMT | ERREUR aucune
[02:22] ACTION | Dashboard | search-v1.11.html regenere via node scripts/build-search-v1.11-html.mjs, 113 documents indexes | ERREUR aucune
[06:22] ACTION | Raindrop KM full ingest | page publique pages 0-4 consultees, pagination 30/30/30/3/0, 93 items uniques | ERREUR aucune
[06:22] ACTION | Comparaison locale | couverture 93/93 contre watch/, resources/, km/ ; nouveautes 0 | ERREUR aucune
[06:22] ACTION | RSS secondaire | /feed consulte, 50 items, lastBuildDate Mon, 29 Jun 2026 15:52:32 GMT | ERREUR aucune
[06:22] ACTION | Dashboard | search-v1.11.html regenere via node scripts/build-search-v1.11-html.mjs, 113 documents indexes | ERREUR aucune
[10:23] ACTION | Raindrop KM full ingest | page publique pages 0-4 consultees, pagination 30/30/30/3/0, 93 items uniques | ERREUR aucune
[10:23] ACTION | Comparaison locale | couverture 93/93 contre watch/, resources/, km/ ; nouveautes 0 | ERREUR aucune
[10:23] ACTION | RSS secondaire | /feed consulte, 50 items, lastBuildDate Mon, 29 Jun 2026 15:52:32 GMT | ERREUR aucune
[10:23] ACTION | Dashboard | search-v1.11.html regenere via node scripts/build-search-v1.11-html.mjs, 113 documents indexes | ERREUR aucune
[14:24] ACTION | Raindrop KM full ingest | page publique pages 0-4 consultees, pagination 30/30/30/3/0, 93 items uniques | ERREUR aucune
[14:24] ACTION | Comparaison locale | couverture 93/93 contre watch/, resources/, km/ ; nouveautes 0 | ERREUR aucune
[14:24] ACTION | RSS secondaire | /feed consulte, 50 items, lastBuildDate Mon, 29 Jun 2026 15:52:32 GMT | ERREUR aucune
[14:24] ACTION | Dashboard | search-v1.11.html regenere via node scripts/build-search-v1.11-html.mjs, 113 documents indexes | ERREUR aucune
[18:25] ACTION | Raindrop KM full ingest | page publique pages 0-5 consultees, pagination 30/30/30/3/0/0, 93 items uniques | ERREUR aucune
[18:25] ACTION | Comparaison locale | couverture 93/93 contre watch/, resources/, km/ ; nouveautes 0 | ERREUR aucune
[18:25] ACTION | RSS secondaire | /feed consulte, 50 items, lastBuildDate Mon, 29 Jun 2026 15:52:32 GMT | ERREUR aucune
[18:25] ACTION | Dashboard | search-v1.11.html regenere via node scripts/build-search-v1.11-html.mjs, 113 documents indexes | ERREUR aucune
[22:26] ACTION | km-monitor-raindrop-rss | RESULTAT: page publique 93/93 couverte, 0 nouveaute, search-v1.11.html regenere (113 docs) | ERREUR: aucune
